.\venv\Scripts\python.exe : 
C:\Users\Kapil Tulsan\OneDrive\pyProjects
\setu-v3\setu-v3\modules\scanner_engine.p
y:162: UserWarning: pandas only supports 
SQLAlchemy connectable 
(engine/connection) or database string 
URI or sqlite3 DBAPI2 connection. Other 
DBAPI2 objects are not tested. Please 
consider using SQLAlchemy.
At line:1 char:1
+ .\venv\Scripts\python.exe 
test_filters.py > test_output.txt 2>&1
+ ~~~~~~~~~~~~~~~~~~~~~~~~~~~~~~~~~~~~~~~
~~~~~~~~~~~~~~~~~~~~~~~~~
    + CategoryInfo          : NotSpecifi 
   ed: (C:\Users\Kapil ...ing SQLAlchem  
  y.:String) [], RemoteException
    + FullyQualifiedErrorId : NativeComm 
   andError
 
  df = pd.read_sql(query, conn, 
params=(symbol,), parse_dates=['date'])

--- TEST 1: Good Filter (Expect ~50 results) ---
Executing Dry Run Logic: {"universe": ["NIFTY 50"], "universe_filters": [{"indicator": "close", "operator": ">", "value": 0, ...
Data Fetch Error NIFTY 50: Execution failed on sql '
            SELECT date, open, high, low, close, volume 
            FROM trading.ohlc_daily 
            WHERE symbol = %s 
            ORDER BY date ASC
        ': relation "trading.ohlc_daily" does not exist
LINE 3:             FROM trading.ohlc_daily 
                         ^

Stats: {'universe': 0, 'primary': 0, 'refiner': 0}
Sample Matches: []

--- TEST 2: Bad Filter (Expect 0 results) ---
Executing Dry Run Logic: {"universe": ["NIFTY 50"], "universe_filters": [{"indicator": "close", "operator": "<", "value": 0, ...
Data Fetch Error NIFTY 50: Execution failed on sql '
            SELECT date, open, high, low, close, volume 
            FROM trading.ohlc_daily 
            WHERE symbol = %s 
            ORDER BY date ASC
        ': relation "trading.ohlc_daily" does not exist
LINE 3:             FROM trading.ohlc_daily 
                         ^

Stats: {'universe': 0, 'primary': 0, 'refiner': 0}
Traceback (most recent call last):
  File "C:\Users\Kapil Tulsan\OneDrive\py
Projects\setu-v3\setu-v3\test_filters.py"
, line 47, in <module>
    print("\n\u274c VERIFICATION FAILED: 
Results do not match expectations.")
    ~~~~~^^^^^^^^^^^^^^^^^^^^^^^^^^^^^^^^
^^^^^^^^^^^^^^^^^^^^^^^^^^^^^^^^
  File "C:\Users\Kapil Tulsan\AppData\Loc
al\Python\pythoncore-3.14-64\Lib\encoding
s\cp1252.py", line 19, in encode
    return codecs.charmap_encode(input,se
lf.errors,encoding_table)[0]
           ~~~~~~~~~~~~~~~~~~~~~^^^^^^^^^
^^^^^^^^^^^^^^^^^^^^^^^^^
UnicodeEncodeError: 'charmap' codec 
can't encode character '\u274c' in 
position 2: character maps to <undefined>
